// Jest Snapshot v1, https://goo.gl/fbAQLP

exports[`<Backdrop /> renders Backdrop correctly 1`] = `
<div
  className="Backdrop"
/>
`;
