// Jest Snapshot v1, https://goo.gl/fbAQLP

exports[`<DrawerToggle /> renders DrawerToggle correctly 1`] = `
<div
  className="DrawerToggle"
>
  <div />
  <div />
  <div />
</div>
`;
