// Jest Snapshot v1, https://goo.gl/fbAQLP

exports[`<Input /> renders Input correctly 1`] = `
<div
  className="Input"
>
  <label
    className="Label"
  />
  <input
    className="InputElement"
  />
</div>
`;
